EGTS protocol validator v.1.0  Copyright JSC "Navigation-information systems", 2011
------------------------------------------------------------------------------------
File: 'D:\PycharmProjects\egts_protocol\tests\tmp_msg.bin'
Packet data: 
 0100000B002300010001DF18000100040000D90F0A0A14150002F6C4AD0200000000000000000100010001000100AD25


EGTS Transport Layer:
---------------------
  Validating result   - 0 (OK)

  Protocol Version    - 1
  Security Key ID     - 0
  Flags               - 00000000b (0x00)
       Prefix         - 00
       Route          -   0
       Encryption Alg -    00
       Compression    -      0
       Priority       -       00 (the highest)
  Header Length       - 11
  Header Encoding     - 0
  Frame Data Length   - 35
  Packet ID           - 1
  No route info       -
  Header Check Sum    - 0xDF

EGTS Service Layer:
---------------------
  Validating result   - 0 (OK)

  Packet Type         - EGTS_PT_APPDATA
  Service Layer CS    - 0x25AD

    Service Layer Record:
    ---------------------
    Validating Result    - 0 (OK)

    Record Length               - 24
    Record Number               - 1
    Record flags                -     00000100b (0x04)
        Sourse Service On Device    - 0
        Recipient Service On Device -  0
        Group Flag                  -   0
        Record Processing Priority  -    00 (the highest)
        Time Field Exists           -      1
        Event ID Field Exists       -       0
        Object ID Field Exists      -        0
    Time                        - 0x0FD90000 (05.06.2018 07:25:52 GMT)
    Source Service Type         - 10 (EGTS_ECALL_SERVICE) 
    Recipient Service Type      - 10 (EGTS_ECALL_SERVICE) 

       Subrecord Data:
       ------------------
       Validating Result   - 0 (OK)

       Subrecord Type      - 20 (EGTS_SR_ACCEL_DATA)
       Subrecord Length    - 21
       Structures Amount      - 2
       Absolute Time          - 0x02ADC4F6 (05.06.2011 04:03:02.000 GMT)
       Accelerometr Data Structures:
       -----------------------------
                              1
           Relative Time      - [000 ms] (05.06.2011 04:03:02.000 GMT)
           XAAV               - 0x0000  0.0m/c2
           YAAV               - 0x0000  0.0m/c2
           ZAAV               - 0x0000  0.0m/c2

           ------------------
                              2
           Relative Time      - [001 ms] (05.06.2011 04:03:02.001 GMT)
           XAAV               - 0x0001  0.1m/c2
           YAAV               - 0x0001  0.1m/c2
           ZAAV               - 0x0001  0.1m/c2

           ------------------


-------------------------------------------------------------
Press any key to exit...
