EGTS protocol validator v.1.0  Copyright JSC "Navigation-information systems", 2011
------------------------------------------------------------------------------------
File: 'D:\PycharmProjects\egts_protocol\tests\tmp_msg.bin'
Packet data: 
 0100000B001700010001440C000100040000D90F0A0A280900005241575F444154416CE8


EGTS Transport Layer:
---------------------
  Validating result   - 0 (OK)

  Protocol Version    - 1
  Security Key ID     - 0
  Flags               - 00000000b (0x00)
       Prefix         - 00
       Route          -   0
       Encryption Alg -    00
       Compression    -      0
       Priority       -       00 (the highest)
  Header Length       - 11
  Header Encoding     - 0
  Frame Data Length   - 23
  Packet ID           - 1
  No route info       -
  Header Check Sum    - 0x44

EGTS Service Layer:
---------------------
  Validating result   - 0 (OK)

  Packet Type         - EGTS_PT_APPDATA
  Service Layer CS    - 0xE86C

    Service Layer Record:
    ---------------------
    Validating Result    - 0 (OK)

    Record Length               - 12
    Record Number               - 1
    Record flags                -     00000100b (0x04)
        Sourse Service On Device    - 0
        Recipient Service On Device -  0
        Group Flag                  -   0
        Record Processing Priority  -    00 (the highest)
        Time Field Exists           -      1
        Event ID Field Exists       -       0
        Object ID Field Exists      -        0
    Time                        - 0x0FD90000 (05.06.2018 07:25:52 GMT)
    Source Service Type         - 10 (EGTS_ECALL_SERVICE) 
    Recipient Service Type      - 10 (EGTS_ECALL_SERVICE) 

       Subrecord Data:
       ------------------
       Validating Result   - 0 (OK)

       Subrecord Type      - 40 (EGTS_SR_RAW_MSD_DATA)
       Subrecord Length    - 9
       Format                 - 0
       Raw MSD data           - 8 bytes [5241575F44415441]


-------------------------------------------------------------
Press any key to exit...
